// Vitest Snapshot v1, https://vitest.dev/guide/snapshot.html

exports[`Cart API Call > renders App component 1`] = `
<div>
  <div
    class="_headerContainer_aaeeca"
  >
    <header
      class="_header_aaeeca"
    >
      <a
        class="_link_aaeeca"
        href="/"
      >
        <h1>
          Fake Store
        </h1>
      </a>
      <div
        class="_headerMain_aaeeca"
      >
        <a
          class="_link_aaeeca"
          href="/"
        >
          Home
        </a>
        <a
          class="_link_aaeeca"
          href="/catalogue"
        >
          Catalogue
        </a>
      </div>
      <a
        href="/cart"
      >
        <img
          class="_shoppingCart_aaeeca"
          src="/src/assets/shopping-cart.png"
        />
      </a>
    </header>
    <hr />
  </div>
  <div
    class="_ulContainer_e1bb8e"
  >
    <p
      class="_loading_e1bb8e"
    >
      Loading Catalogue...
    </p>
    <ul
      class="_ul_e1bb8e"
    />
  </div>
</div>
`;
